Archive member included to satisfy reference by file (symbol)

/usr/share/MRS2/MRS-linux-x64/resources/app/resources/linux/components/WCH/Toolchain/RISC-V Embedded GCC/bin/../lib/gcc/riscv-none-embed/8.2.0/rv32imac/ilp32/libgcc.a(divdf3.o)
                              ./User/inverter/inverter.o (__divdf3)
/usr/share/MRS2/MRS-linux-x64/resources/app/resources/linux/components/WCH/Toolchain/RISC-V Embedded GCC/bin/../lib/gcc/riscv-none-embed/8.2.0/rv32imac/ilp32/libgcc.a(muldf3.o)
                              ./User/inverter/inverter.o (__muldf3)
/usr/share/MRS2/MRS-linux-x64/resources/app/resources/linux/components/WCH/Toolchain/RISC-V Embedded GCC/bin/../lib/gcc/riscv-none-embed/8.2.0/rv32imac/ilp32/libgcc.a(fixdfsi.o)
                              ./User/inverter/inverter.o (__fixdfsi)
/usr/share/MRS2/MRS-linux-x64/resources/app/resources/linux/components/WCH/Toolchain/RISC-V Embedded GCC/bin/../lib/gcc/riscv-none-embed/8.2.0/rv32imac/ilp32/libgcc.a(floatsidf.o)
                              ./User/inverter/inverter.o (__floatsidf)
/usr/share/MRS2/MRS-linux-x64/resources/app/resources/linux/components/WCH/Toolchain/RISC-V Embedded GCC/bin/../lib/gcc/riscv-none-embed/8.2.0/rv32imac/ilp32/libgcc.a(addsf3.o)
                              ./User/inverter/inverter.o (__addsf3)
/usr/share/MRS2/MRS-linux-x64/resources/app/resources/linux/components/WCH/Toolchain/RISC-V Embedded GCC/bin/../lib/gcc/riscv-none-embed/8.2.0/rv32imac/ilp32/libgcc.a(mulsf3.o)
                              ./User/inverter/inverter.o (__mulsf3)
/usr/share/MRS2/MRS-linux-x64/resources/app/resources/linux/components/WCH/Toolchain/RISC-V Embedded GCC/bin/../lib/gcc/riscv-none-embed/8.2.0/rv32imac/ilp32/libgcc.a(fixsfsi.o)
                              ./User/inverter/inverter.o (__fixsfsi)
/usr/share/MRS2/MRS-linux-x64/resources/app/resources/linux/components/WCH/Toolchain/RISC-V Embedded GCC/bin/../lib/gcc/riscv-none-embed/8.2.0/rv32imac/ilp32/libgcc.a(floatsisf.o)
                              ./User/inverter/inverter.o (__floatsisf)
/usr/share/MRS2/MRS-linux-x64/resources/app/resources/linux/components/WCH/Toolchain/RISC-V Embedded GCC/bin/../lib/gcc/riscv-none-embed/8.2.0/rv32imac/ilp32/libgcc.a(save-restore.o)
                              ./Peripheral/src/ch32v10x_usb_host.o (__riscv_save_12)
/usr/share/MRS2/MRS-linux-x64/resources/app/resources/linux/components/WCH/Toolchain/RISC-V Embedded GCC/bin/../lib/gcc/riscv-none-embed/8.2.0/rv32imac/ilp32/libgcc.a(_clzsi2.o)
                              /usr/share/MRS2/MRS-linux-x64/resources/app/resources/linux/components/WCH/Toolchain/RISC-V Embedded GCC/bin/../lib/gcc/riscv-none-embed/8.2.0/rv32imac/ilp32/libgcc.a(divdf3.o) (__clzsi2)
/usr/share/MRS2/MRS-linux-x64/resources/app/resources/linux/components/WCH/Toolchain/RISC-V Embedded GCC/bin/../lib/gcc/riscv-none-embed/8.2.0/rv32imac/ilp32/libgcc.a(_clz.o)
                              /usr/share/MRS2/MRS-linux-x64/resources/app/resources/linux/components/WCH/Toolchain/RISC-V Embedded GCC/bin/../lib/gcc/riscv-none-embed/8.2.0/rv32imac/ilp32/libgcc.a(_clzsi2.o) (__clz_tab)
/usr/share/MRS2/MRS-linux-x64/resources/app/resources/linux/components/WCH/Toolchain/RISC-V Embedded GCC/bin/../lib/gcc/riscv-none-embed/8.2.0/../../../../riscv-none-embed/lib/rv32imac/ilp32/libg_nano.a(lib_a-memset.o)
                              ./User/inverter/app.o (memset)
/usr/share/MRS2/MRS-linux-x64/resources/app/resources/linux/components/WCH/Toolchain/RISC-V Embedded GCC/bin/../lib/gcc/riscv-none-embed/8.2.0/../../../../riscv-none-embed/lib/rv32imac/ilp32/libg_nano.a(lib_a-puts.o)
                              ./User/inverter/app.o (puts)
/usr/share/MRS2/MRS-linux-x64/resources/app/resources/linux/components/WCH/Toolchain/RISC-V Embedded GCC/bin/../lib/gcc/riscv-none-embed/8.2.0/../../../../riscv-none-embed/lib/rv32imac/ilp32/libg_nano.a(lib_a-wbuf.o)
                              /usr/share/MRS2/MRS-linux-x64/resources/app/resources/linux/components/WCH/Toolchain/RISC-V Embedded GCC/bin/../lib/gcc/riscv-none-embed/8.2.0/../../../../riscv-none-embed/lib/rv32imac/ilp32/libg_nano.a(lib_a-puts.o) (__swbuf_r)
/usr/share/MRS2/MRS-linux-x64/resources/app/resources/linux/components/WCH/Toolchain/RISC-V Embedded GCC/bin/../lib/gcc/riscv-none-embed/8.2.0/../../../../riscv-none-embed/lib/rv32imac/ilp32/libg_nano.a(lib_a-wsetup.o)
                              /usr/share/MRS2/MRS-linux-x64/resources/app/resources/linux/components/WCH/Toolchain/RISC-V Embedded GCC/bin/../lib/gcc/riscv-none-embed/8.2.0/../../../../riscv-none-embed/lib/rv32imac/ilp32/libg_nano.a(lib_a-puts.o) (__swsetup_r)
/usr/share/MRS2/MRS-linux-x64/resources/app/resources/linux/components/WCH/Toolchain/RISC-V Embedded GCC/bin/../lib/gcc/riscv-none-embed/8.2.0/../../../../riscv-none-embed/lib/rv32imac/ilp32/libg_nano.a(lib_a-fflush.o)
[...]
Memory Configuration

Name             Origin             Length             Attributes
FLASH            0x0000000000000000 0x0000000000010000 xr
RAM              0x0000000020000000 0x0000000000005000 xrw
*default*        0x0000000000000000 0xffffffffffffffff

Linker script and memory map

LOAD ./User/inverter/app.o
LOAD ./User/inverter/device.o
LOAD ./User/inverter/hardware.o
LOAD ./User/inverter/inverter.o
LOAD ./User/inverter/priority_queue.o
LOAD ./User/ch32v10x_it.o
LOAD ./User/main.o
LOAD ./User/system_ch32v10x.o
LOAD ./Startup/startup_ch32v10x.o
LOAD ./Peripheral/src/ch32v10x_adc.o
LOAD ./Peripheral/src/ch32v10x_bkp.o
LOAD ./Peripheral/src/ch32v10x_crc.o
LOAD ./Peripheral/src/ch32v10x_dbgmcu.o
LOAD ./Peripheral/src/ch32v10x_dma.o
LOAD ./Peripheral/src/ch32v10x_exti.o
LOAD ./Peripheral/src/ch32v10x_flash.o
LOAD ./Peripheral/src/ch32v10x_gpio.o
LOAD ./Peripheral/src/ch32v10x_i2c.o
LOAD ./Peripheral/src/ch32v10x_iwdg.o
LOAD ./Peripheral/src/ch32v10x_misc.o
LOAD ./Peripheral/src/ch32v10x_pwr.o
LOAD ./Peripheral/src/ch32v10x_rcc.o
LOAD ./Peripheral/src/ch32v10x_rtc.o
LOAD ./Peripheral/src/ch32v10x_spi.o
LOAD ./Peripheral/src/ch32v10x_tim.o
LOAD ./Peripheral/src/ch32v10x_usart.o
LOAD ./Peripheral/src/ch32v10x_usb.o
LOAD ./Peripheral/src/ch32v10x_usb_host.o
LOAD ./Peripheral/src/ch32v10x_wwdg.o
LOAD ./Debug/debug.o
LOAD ./Core/core_riscv.o
LOAD /usr/share/MRS2/MRS-linux-x64/resources/app/resources/linux/components/WCH/Toolchain/RISC-V Embedded GCC/bin/../lib/gcc/riscv-none-embed/8.2.0/rv32imac/ilp32/libgcc.a
LOAD /usr/share/MRS2/MRS-linux-x64/resources/app/resources/linux/components/WCH/Toolchain/RISC-V Embedded GCC/bin/../lib/gcc/riscv-none-embed/8.2.0/../../../../riscv-none-embed/lib/rv32imac/ilp32/libg_nano.a
LOAD /usr/share/MRS2/MRS-linux-x64/resources/app/resources/linux/components/WCH/Toolchain/RISC-V Embedded GCC/bin/../lib/gcc/riscv-none-embed/8.2.0/../../../../riscv-none-embed/lib/rv32imac/ilp32/libc_nano.a
LOAD /usr/share/MRS2/MRS-linux-x64/resources/app/resources/linux/components/WCH/Toolchain/RISC-V Embedded GCC/bin/../lib/gcc/riscv-none-embed/8.2.0/rv32imac/ilp32/libgcc.a
START GROUP
LOAD /usr/share/MRS2/MRS-linux-x64/resources/app/resources/linux/components/WCH/Toolchain/RISC-V Embedded GCC/bin/../lib/gcc/riscv-none-embed/8.2.0/rv32imac/ilp32/libgcc.a
LOAD /usr/share/MRS2/MRS-linux-x64/resources/app/resources/linux/components/WCH/Toolchain/RISC-V Embedded GCC/bin/../lib/gcc/riscv-none-embed/8.2.0/../../../../riscv-none-embed/lib/rv32imac/ilp32/libc_nano.a
LOAD /usr/share/MRS2/MRS-linux-x64/resources/app/resources/linux/components/WCH/Toolchain/RISC-V Embedded GCC/bin/../lib/gcc/riscv-none-embed/8.2.0/../../../../riscv-none-embed/lib/rv32imac/ilp32/libnosys.a
END GROUP
START GROUP
LOAD /usr/share/MRS2/MRS-linux-x64/resources/app/resources/linux/components/WCH/Toolchain/RISC-V Embedded GCC/bin/../lib/gcc/riscv-none-embed/8.2.0/rv32imac/ilp32/libgcc.a
LOAD /usr/share/MRS2/MRS-linux-x64/resources/app/resources/linux/components/WCH/Toolchain/RISC-V Embedded GCC/bin/../lib/gcc/riscv-none-embed/8.2.0/../../../../riscv-none-embed/lib/rv32imac/ilp32/libc_nano.a
LOAD /usr/share/MRS2/MRS-linux-x64/resources/app/resources/linux/components/WCH/Toolchain/RISC-V Embedded GCC/bin/../lib/gcc/riscv-none-embed/8.2.0/../../../../riscv-none-embed/lib/rv32imac/ilp32/libnosys.a
END GROUP
                0x0000000000000800                __stack_size = 0x800
                [!provide]                        PROVIDE (_stack_size = __stack_size)

.init           0x0000000000000000       0x38
                0x0000000000000000                _sinit = .
                0x0000000000000000                . = ALIGN (0x4)
 *(SORT_NONE(.init))
 .init          0x0000000000000000       0x38 ./Startup/startup_ch32v10x.o
                0x0000000000000000                _start
                0x0000000000000038                . = ALIGN (0x4)
                0x0000000000000038                _einit = .

.vector         0x0000000000000038      0x108
 *(.vector)
 .vector        0x0000000000000038       0xf0 ./Startup/startup_ch32v10x.o
                0x0000000000000140                . = ALIGN (0x40)
 *fill*         0x0000000000000128       0x18 

.text           0x0000000000000140     0x1d98
                0x0000000000000140                . = ALIGN (0x4)
 *(.text)
 .text          0x0000000000000140       0x60 /usr/share/MRS2/MRS-linux-x64/resources/app/resources/linux/components/WCH/Toolchain/RISC-V Embedded GCC/bin/../lib/gcc/riscv-none-embed/8.2.0/rv32imac/ilp32/libgcc.a(save-restore.o)
                0x0000000000000140                __riscv_save_12
                0x0000000000000148                __riscv_save_8
                0x0000000000000148                __riscv_save_11
                0x0000000000000148                __riscv_save_9
                0x0000000000000148                __riscv_save_10
                0x0000000000000156                __riscv_save_7
                0x0000000000000156                __riscv_save_4
                0x0000000000000156                __riscv_save_6
                0x0000000000000156                __riscv_save_5
                0x0000000000000170                __riscv_save_1
                0x0000000000000170                __riscv_save_3
                0x0000000000000170                __riscv_save_2
                0x0000000000000170                __riscv_save_0
                0x000000000000017c                __riscv_restore_12
                0x0000000000000180                __riscv_restore_10
                0x0000000000000180                __riscv_restore_11
                0x0000000000000180                __riscv_restore_8
                0x0000000000000180                __riscv_restore_9
                0x000000000000018a                __riscv_restore_5
                0x000000000000018a                __riscv_restore_6
                0x000000000000018a                __riscv_restore_4
                0x000000000000018a                __riscv_restore_7
                0x0000000000000194                __riscv_restore_3
                0x0000000000000194                __riscv_restore_2
                0x0000000000000194                __riscv_restore_0
                0x0000000000000194                __riscv_restore_1
 .text          0x00000000000001a0       0xa8 /usr/share/MRS2/MRS-linux-x64/resources/app/resources/linux/components/WCH/Toolchain/RISC-V Embedded GCC/bin/../lib/gcc/riscv-none-embed/8.2.0/../../../../riscv-none-embed/lib/rv32imac/ilp32/libg_nano.a(lib_a-memset.o)
                0x00000000000001a0                memset
 *(.text.*)
 .text.wyre_setup
                0x0000000000000248        0x8 ./User/inverter/app.o
                0x0000000000000248                wyre_setup
 .text.wyre_loop
                0x0000000000000250       0x52 ./User/inverter/app.o
                0x0000000000000250                wyre_loop
 .text.wyre_gpio_init
                0x00000000000002a2       0x3a ./User/inverter/hardware.o
                0x00000000000002a2                wyre_gpio_init
 .text.wyre_timer_init
                0x00000000000002dc       0xae ./User/inverter/hardware.o
                0x00000000000002dc                wyre_timer_init
 .text.DMA_ADC_Init
                0x000000000000038a       0x74 ./User/inverter/hardware.o
                0x000000000000038a                DMA_ADC_Init
 .text.wyre_adc_init
                0x00000000000003fe       0xde ./User/inverter/hardware.o
                0x00000000000003fe                wyre_adc_init
 .text.SysTick_Handler
                0x00000000000004dc       0x54 ./User/inverter/hardware.o
                0x00000000000004dc                SysTick_Handler
 .text.wyre_get_tick
                0x0000000000000530        0x6 ./User/inverter/hardware.o
                0x0000000000000530                wyre_get_tick
 .text.wyre_SysTick_Init
                0x0000000000000536       0x9a ./User/inverter/hardware.o
                0x0000000000000536                wyre_SysTick_Init
 .text.wyre_uart_init
                0x00000000000005d0       0x98 ./User/inverter/hardware.o
                0x00000000000005d0                wyre_uart_init
 .text.wyre_hardware_init
                0x0000000000000668       0x28 ./User/inverter/hardware.o
                0x0000000000000668                wyre_hardware_init
 .text.USART1_IRQHandler
                0x0000000000000690       0x68 ./User/inverter/hardware.o
                0x0000000000000690                USART1_IRQHandler
 .text.NMI_Handler
                0x00000000000006f8        0x2 ./User/ch32v10x_it.o
                0x00000000000006f8                NMI_Handler
 .text.HardFault_Handler
                0x00000000000006fa        0x2 ./User/ch32v10x_it.o
                0x00000000000006fa                HardFault_Handler
 .text.startup.main
                0x00000000000006fc        0xa ./User/main.o
                0x00000000000006fc                main
 .text.SystemInit
                0x0000000000000706      0x106 ./User/system_ch32v10x.o
                0x0000000000000706                SystemInit
 .text.SystemCoreClockUpdate
                0x000000000000080c       0x8a ./User/system_ch32v10x.o
                0x000000000000080c                SystemCoreClockUpdate
 .text.vector_handler
                0x0000000000000896        0x2 ./Startup/startup_ch32v10x.o
                0x0000000000000896                EXTI2_IRQHandler
                0x0000000000000896                TIM1_CC_IRQHandler
                0x0000000000000896                PVD_IRQHandler
                0x0000000000000896                EXTI3_IRQHandler
                0x0000000000000896                USBFS_IRQHandler
                0x0000000000000896                EXTI0_IRQHandler
                0x0000000000000896                I2C2_EV_IRQHandler
                0x0000000000000896                ADC1_2_IRQHandler
                0x0000000000000896                SPI1_IRQHandler
                0x0000000000000896                TAMPER_IRQHandler
                0x0000000000000896                DMA1_Channel4_IRQHandler
                0x0000000000000896                USART3_IRQHandler
                0x0000000000000896                RTC_IRQHandler
                0x0000000000000896                DMA1_Channel7_IRQHandler
                0x0000000000000896                TIM4_IRQHandler
                0x0000000000000896                I2C1_EV_IRQHandler
                0x0000000000000896                DMA1_Channel6_IRQHandler
                0x0000000000000896                TIM3_IRQHandler
                0x0000000000000896                RCC_IRQHandler
                0x0000000000000896                TIM1_TRG_COM_IRQHandler
                0x0000000000000896                DMA1_Channel1_IRQHandler
                0x0000000000000896                EXTI15_10_IRQHandler
                0x0000000000000896                EXTI9_5_IRQHandler
                0x0000000000000896                SPI2_IRQHandler
                0x0000000000000896                DMA1_Channel5_IRQHandler
                0x0000000000000896                EXTI4_IRQHandler
                0x0000000000000896                DMA1_Channel3_IRQHandler
                0x0000000000000896                TIM1_UP_IRQHandler
                0x0000000000000896                WWDG_IRQHandler
                0x0000000000000896                TIM2_IRQHandler
                0x0000000000000896                SW_Handler
                0x0000000000000896                TIM1_BRK_IRQHandler
                0x0000000000000896                EXTI1_IRQHandler
                0x0000000000000896                RTCAlarm_IRQHandler
                0x0000000000000896                USART2_IRQHandler
                0x0000000000000896                I2C2_ER_IRQHandler
                0x0000000000000896                DMA1_Channel2_IRQHandler
                0x0000000000000896                FLASH_IRQHandler
                0x0000000000000896                I2C1_ER_IRQHandler
                0x0000000000000896                USBWakeUp_IRQHandler
 .text.handle_reset
                0x0000000000000898       0x7a ./Startup/startup_ch32v10x.o
                0x0000000000000898                handle_reset
 .text.ADC_DeInit
                0x0000000000000912       0x26 ./Peripheral/src/ch32v10x_adc.o
                0x0000000000000912                ADC_DeInit
 .text.ADC_Init
                0x0000000000000938       0x50 ./Peripheral/src/ch32v10x_adc.o
                0x0000000000000938                ADC_Init
 .text.ADC_Cmd  0x0000000000000988       0x10 ./Peripheral/src/ch32v10x_adc.o
                0x0000000000000988                ADC_Cmd
 .text.ADC_DMACmd
                0x0000000000000998       0x12 ./Peripheral/src/ch32v10x_adc.o
                0x0000000000000998                ADC_DMACmd
 .text.ADC_ResetCalibration
                0x00000000000009aa        0xa ./Peripheral/src/ch32v10x_adc.o
                0x00000000000009aa                ADC_ResetCalibration
 .text.ADC_GetResetCalibrationStatus
                0x00000000000009b4        0x8 ./Peripheral/src/ch32v10x_adc.o
                0x00000000000009b4                ADC_GetResetCalibrationStatus
 .text.ADC_StartCalibration
                0x00000000000009bc        0xa ./Peripheral/src/ch32v10x_adc.o
                0x00000000000009bc                ADC_StartCalibration
 .text.ADC_GetCalibrationStatus
                0x00000000000009c6        0x8 ./Peripheral/src/ch32v10x_adc.o
                0x00000000000009c6                ADC_GetCalibrationStatus
 .text.ADC_SoftwareStartConvCmd
                0x00000000000009ce       0x18 ./Peripheral/src/ch32v10x_adc.o
                0x00000000000009ce                ADC_SoftwareStartConvCmd
 .text.ADC_RegularChannelConfig
                0x00000000000009e6       0xb8 ./Peripheral/src/ch32v10x_adc.o
                0x00000000000009e6                ADC_RegularChannelConfig
 .text.Get_CalibrationValue
                0x0000000000000a9e      0x168 ./Peripheral/src/ch32v10x_adc.o
                0x0000000000000a9e                Get_CalibrationValue
 .text.DMA_DeInit
                0x0000000000000c06       0xfa ./Peripheral/src/ch32v10x_dma.o
                0x0000000000000c06                DMA_DeInit
 .text.DMA_Init
                0x0000000000000d00       0x38 ./Peripheral/src/ch32v10x_dma.o
                0x0000000000000d00                DMA_Init
 .text.DMA_Cmd  0x0000000000000d38       0x14 ./Peripheral/src/ch32v10x_dma.o
                0x0000000000000d38                DMA_Cmd
 .text.GPIO_Init
                0x0000000000000d4c       0xc2 ./Peripheral/src/ch32v10x_gpio.o
                0x0000000000000d4c                GPIO_Init
 .text.NVIC_PriorityGroupConfig
                0x0000000000000e0e       0x10 ./Peripheral/src/ch32v10x_misc.o
                0x0000000000000e0e                NVIC_PriorityGroupConfig
 .text.NVIC_Init
                0x0000000000000e1e       0x6e ./Peripheral/src/ch32v10x_misc.o
                0x0000000000000e1e                NVIC_Init
 .text.RCC_ADCCLKConfig
                0x0000000000000e8c       0x12 ./Peripheral/src/ch32v10x_rcc.o
                0x0000000000000e8c                RCC_ADCCLKConfig
 .text.RCC_GetClocksFreq
                0x0000000000000e9e       0xbc ./Peripheral/src/ch32v10x_rcc.o
                0x0000000000000e9e                RCC_GetClocksFreq
 .text.RCC_AHBPeriphClockCmd
                0x0000000000000f5a       0x1e ./Peripheral/src/ch32v10x_rcc.o
                0x0000000000000f5a                RCC_AHBPeriphClockCmd
 .text.RCC_APB2PeriphClockCmd
                0x0000000000000f78       0x1e ./Peripheral/src/ch32v10x_rcc.o
                0x0000000000000f78                RCC_APB2PeriphClockCmd
 .text.RCC_APB2PeriphResetCmd
                0x0000000000000f96       0x1e ./Peripheral/src/ch32v10x_rcc.o
                0x0000000000000f96                RCC_APB2PeriphResetCmd
 .text.TIM_TimeBaseInit
                0x0000000000000fb4       0x78 ./Peripheral/src/ch32v10x_tim.o
                0x0000000000000fb4                TIM_TimeBaseInit
 .text.TIM_OC1Init
                0x000000000000102c       0x88 ./Peripheral/src/ch32v10x_tim.o
                0x000000000000102c                TIM_OC1Init
 .text.TIM_Cmd  0x00000000000010b4       0x1c ./Peripheral/src/ch32v10x_tim.o
                0x00000000000010b4                TIM_Cmd
 .text.TIM_CtrlPWMOutputs
                0x00000000000010d0       0x16 ./Peripheral/src/ch32v10x_tim.o
                0x00000000000010d0                TIM_CtrlPWMOutputs
 .text.TIM_ARRPreloadConfig
                0x00000000000010e6       0x1e ./Peripheral/src/ch32v10x_tim.o
                0x00000000000010e6                TIM_ARRPreloadConfig
 .text.TIM_OC1PreloadConfig
                0x0000000000001104       0x12 ./Peripheral/src/ch32v10x_tim.o
                0x0000000000001104                TIM_OC1PreloadConfig
 .text.USART_Init
                0x0000000000001116       0xa6 ./Peripheral/src/ch32v10x_usart.o
                0x0000000000001116                USART_Init
 .text.USART_Cmd
                0x00000000000011bc       0x1c ./Peripheral/src/ch32v10x_usart.o
                0x00000000000011bc                USART_Cmd
 .text.USART_ITConfig
                0x00000000000011d8       0x36 ./Peripheral/src/ch32v10x_usart.o
                0x00000000000011d8                USART_ITConfig
 .text.USART_SendData
                0x000000000000120e        0xa ./Peripheral/src/ch32v10x_usart.o
                0x000000000000120e                USART_SendData
 .text.USART_ReceiveData
                0x0000000000001218        0xa ./Peripheral/src/ch32v10x_usart.o
                0x0000000000001218                USART_ReceiveData
 .text.USART_GetFlagStatus
                0x0000000000001222        0xc ./Peripheral/src/ch32v10x_usart.o
                0x0000000000001222                USART_GetFlagStatus
 .text.USART_GetITStatus
                0x000000000000122e       0x44 ./Peripheral/src/ch32v10x_usart.o
                0x000000000000122e                USART_GetITStatus
 .text.USART_ClearITPendingBit
                0x0000000000001272       0x16 ./Peripheral/src/ch32v10x_usart.o
                0x0000000000001272                USART_ClearITPendingBit
 .text.Delay_Init
                0x0000000000001288       0x2a ./Debug/debug.o
                0x0000000000001288                Delay_Init
 .text._write   0x00000000000012b2       0x3a ./Debug/debug.o
                0x00000000000012b2                _write
 .text._sbrk    0x00000000000012ec       0x26 ./Debug/debug.o
                0x00000000000012ec                _sbrk
 .text._puts_r  0x0000000000001312       0xda /usr/share/MRS2/MRS-linux-x64/resources/app/resources/linux/components/WCH/Toolchain/RISC-V Embedded GCC/bin/../lib/gcc/riscv-none-embed/8.2.0/../../../../riscv-none-embed/lib/rv32imac/ilp32/libg_nano.a(lib_a-puts.o)
                0x0000000000001312                _puts_r
 .text.puts     0x00000000000013ec        0xa /usr/share/MRS2/MRS-linux-x64/resources/app/resources/linux/components/WCH/Toolchain/RISC-V Embedded GCC/bin/../lib/gcc/riscv-none-embed/8.2.0/../../../../riscv-none-embed/lib/rv32imac/ilp32/libg_nano.a(lib_a-puts.o)
                0x00000000000013ec                puts
 .text.__swbuf_r
                0x00000000000013f6       0xc0 /usr/share/MRS2/MRS-linux-x64/resources/app/resources/linux/components/WCH/Toolchain/RISC-V Embedded GCC/bin/../lib/gcc/riscv-none-embed/8.2.0/../../../../riscv-none-embed/lib/rv32imac/ilp32/libg_nano.a(lib_a-wbuf.o)
                0x00000000000013f6                __swbuf_r
 .text.__swsetup_r
                0x00000000000014b6      0x10c /usr/share/MRS2/MRS-linux-x64/resources/app/resources/linux/components/WCH/Toolchain/RISC-V Embedded GCC/bin/../lib/gcc/riscv-none-embed/8.2.0/../../../../riscv-none-embed/lib/rv32imac/ilp32/libg_nano.a(lib_a-wsetup.o)
                0x00000000000014b6                __swsetup_r
 .text.__sflush_r
                0x00000000000015c2      0x13c /usr/share/MRS2/MRS-linux-x64/resources/app/resources/linux/components/WCH/Toolchain/RISC-V Embedded GCC/bin/../lib/gcc/riscv-none-embed/8.2.0/../../../../riscv-none-embed/lib/rv32imac/ilp32/libg_nano.a(lib_a-fflush.o)
                0x00000000000015c2                __sflush_r
 .text._fflush_r
                0x00000000000016fe       0x64 /usr/share/MRS2/MRS-linux-x64/resources/app/resources/linux/components/WCH/Toolchain/RISC-V Embedded GCC/bin/../lib/gcc/riscv-none-embed/8.2.0/../../../../riscv-none-embed/lib/rv32imac/ilp32/libg_nano.a(lib_a-fflush.o)
                0x00000000000016fe                _fflush_r
 .text.std      0x0000000000001762       0x6a /usr/share/MRS2/MRS-linux-x64/resources/app/resources/linux/components/WCH/Toolchain/RISC-V Embedded GCC/bin/../lib/gcc/riscv-none-embed/8.2.0/../../../../riscv-none-embed/lib/rv32imac/ilp32/libg_nano.a(lib_a-findfp.o)
 .text._cleanup_r
                0x00000000000017cc        0xa /usr/share/MRS2/MRS-linux-x64/resources/app/resources/linux/components/WCH/Toolchain/RISC-V Embedded GCC/bin/../lib/gcc/riscv-none-embed/8.2.0/../../../../riscv-none-embed/lib/rv32imac/ilp32/libg_nano.a(lib_a-findfp.o)
                0x00000000000017cc                _cleanup_r
 .text.__sfmoreglue
                0x00000000000017d6       0x46 /usr/share/MRS2/MRS-linux-x64/resources/app/resources/linux/components/WCH/Toolchain/RISC-V Embedded GCC/bin/../lib/gcc/riscv-none-embed/8.2.0/../../../../riscv-none-embed/lib/rv32imac/ilp32/libg_nano.a(lib_a-findfp.o)
                0x00000000000017d6                __sfmoreglue
 .text.__sinit  0x000000000000181c       0x66 /usr/share/MRS2/MRS-linux-x64/resources/app/resources/linux/components/WCH/Toolchain/RISC-V Embedded GCC/bin/../lib/gcc/riscv-none-embed/8.2.0/../../../../riscv-none-embed/lib/rv32imac/ilp32/libg_nano.a(lib_a-findfp.o)
                0x000000000000181c                __sinit
 .text.__sfp    0x0000000000001882       0x9c /usr/share/MRS2/MRS-linux-x64/resources/app/resources/linux/components/WCH/Toolchain/RISC-V Embedded GCC/bin/../lib/gcc/riscv-none-embed/8.2.0/../../../../riscv-none-embed/lib/rv32imac/ilp32/libg_nano.a(lib_a-findfp.o)
                0x0000000000001882                __sfp
 .text._fwalk_reent
                0x000000000000191e       0x6c /usr/share/MRS2/MRS-linux-x64/resources/app/resources/linux/components/WCH/Toolchain/RISC-V Embedded GCC/bin/../lib/gcc/riscv-none-embed/8.2.0/../../../../riscv-none-embed/lib/rv32imac/ilp32/libg_nano.a(lib_a-fwalk.o)
                0x000000000000191e                _fwalk_reent
 .text.__swhatbuf_r
                0x000000000000198a       0x58 /usr/share/MRS2/MRS-linux-x64/resources/app/resources/linux/components/WCH/Toolchain/RISC-V Embedded GCC/bin/../lib/gcc/riscv-none-embed/8.2.0/../../../../riscv-none-embed/lib/rv32imac/ilp32/libg_nano.a(lib_a-makebuf.o)
                0x000000000000198a                __swhatbuf_r
 .text.__smakebuf_r
                0x00000000000019e2       0x9c /usr/share/MRS2/MRS-linux-x64/resources/app/resources/linux/components/WCH/Toolchain/RISC-V Embedded GCC/bin/../lib/gcc/riscv-none-embed/8.2.0/../../../../riscv-none-embed/lib/rv32imac/ilp32/libg_nano.a(lib_a-makebuf.o)
                0x00000000000019e2                __smakebuf_r
 .text._free_r  0x0000000000001a7e       0xa4 /usr/share/MRS2/MRS-linux-x64/resources/app/resources/linux/components/WCH/Toolchain/RISC-V Embedded GCC/bin/../lib/gcc/riscv-none-embed/8.2.0/../../../../riscv-none-embed/lib/rv32imac/ilp32/libg_nano.a(lib_a-nano-freer.o)
                0x0000000000001a7e                _free_r
 .text._malloc_r
                0x0000000000001b22       0xce /usr/share/MRS2/MRS-linux-x64/resources/app/resources/linux/components/WCH/Toolchain/RISC-V Embedded GCC/bin/../lib/gcc/riscv-none-embed/8.2.0/../../../../riscv-none-embed/lib/rv32imac/ilp32/libg_nano.a(lib_a-nano-mallocr.o)
                0x0000000000001b22                _malloc_r
 .text._sbrk_r  0x0000000000001bf0       0x2a /usr/share/MRS2/MRS-linux-x64/resources/app/resources/linux/components/WCH/Toolchain/RISC-V Embedded GCC/bin/../lib/gcc/riscv-none-embed/8.2.0/../../../../riscv-none-embed/lib/rv32imac/ilp32/libg_nano.a(lib_a-sbrkr.o)
                0x0000000000001bf0                _sbrk_r
 .text.__sread  0x0000000000001c1a       0x30 /usr/share/MRS2/MRS-linux-x64/resources/app/resources/linux/components/WCH/Toolchain/RISC-V Embedded GCC/bin/../lib/gcc/riscv-none-embed/8.2.0/../../../../riscv-none-embed/lib/rv32imac/ilp32/libg_nano.a(lib_a-stdio.o)
                0x0000000000001c1a                __sread
 .text.__swrite
                0x0000000000001c4a       0x4e /usr/share/MRS2/MRS-linux-x64/resources/app/resources/linux/components/WCH/Toolchain/RISC-V Embedded GCC/bin/../lib/gcc/riscv-none-embed/8.2.0/../../../../riscv-none-embed/lib/rv32imac/ilp32/libg_nano.a(lib_a-stdio.o)
                0x0000000000001c4a                __swrite
 .text.__sseek  0x0000000000001c98       0x36 /usr/share/MRS2/MRS-linux-x64/resources/app/resources/linux/components/WCH/Toolchain/RISC-V Embedded GCC/bin/../lib/gcc/riscv-none-embed/8.2.0/../../../../riscv-none-embed/lib/rv32imac/ilp32/libg_nano.a(lib_a-stdio.o)
                0x0000000000001c98                __sseek
 .text.__sclose
                0x0000000000001cce        0x6 /usr/share/MRS2/MRS-linux-x64/resources/app/resources/linux/components/WCH/Toolchain/RISC-V Embedded GCC/bin/../lib/gcc/riscv-none-embed/8.2.0/../../../../riscv-none-embed/lib/rv32imac/ilp32/libg_nano.a(lib_a-stdio.o)
                0x0000000000001cce                __sclose
 .text._write_r
                0x0000000000001cd4       0x2e /usr/share/MRS2/MRS-linux-x64/resources/app/resources/linux/components/WCH/Toolchain/RISC-V Embedded GCC/bin/../lib/gcc/riscv-none-embed/8.2.0/../../../../riscv-none-embed/lib/rv32imac/ilp32/libg_nano.a(lib_a-writer.o)
                0x0000000000001cd4                _write_r
 .text._close_r
                0x0000000000001d02       0x28 /usr/share/MRS2/MRS-linux-x64/resources/app/resources/linux/components/WCH/Toolchain/RISC-V Embedded GCC/bin/../lib/gcc/riscv-none-embed/8.2.0/../../../../riscv-none-embed/lib/rv32imac/ilp32/libg_nano.a(lib_a-closer.o)
                0x0000000000001d02                _close_r
 .text._fstat_r
                0x0000000000001d2a       0x2a /usr/share/MRS2/MRS-linux-x64/resources/app/resources/linux/components/WCH/Toolchain/RISC-V Embedded GCC/bin/../lib/gcc/riscv-none-embed/8.2.0/../../../../riscv-none-embed/lib/rv32imac/ilp32/libg_nano.a(lib_a-fstatr.o)
                0x0000000000001d2a                _fstat_r
 .text._isatty_r
                0x0000000000001d54       0x28 /usr/share/MRS2/MRS-linux-x64/resources/app/resources/linux/components/WCH/Toolchain/RISC-V Embedded GCC/bin/../lib/gcc/riscv-none-embed/8.2.0/../../../../riscv-none-embed/lib/rv32imac/ilp32/libg_nano.a(lib_a-isattyr.o)
                0x0000000000001d54                _isatty_r
 .text._lseek_r
                0x0000000000001d7c       0x2c /usr/share/MRS2/MRS-linux-x64/resources/app/resources/linux/components/WCH/Toolchain/RISC-V Embedded GCC/bin/../lib/gcc/riscv-none-embed/8.2.0/../../../../riscv-none-embed/lib/rv32imac/ilp32/libg_nano.a(lib_a-lseekr.o)
                0x0000000000001d7c                _lseek_r
 .text.__malloc_lock
                0x0000000000001da8        0x2 /usr/share/MRS2/MRS-linux-x64/resources/app/resources/linux/components/WCH/Toolchain/RISC-V Embedded GCC/bin/../lib/gcc/riscv-none-embed/8.2.0/../../../../riscv-none-embed/lib/rv32imac/ilp32/libg_nano.a(lib_a-mlock.o)
                0x0000000000001da8                __malloc_lock
 .text.__malloc_unlock
                0x0000000000001daa        0x2 /usr/share/MRS2/MRS-linux-x64/resources/app/resources/linux/components/WCH/Toolchain/RISC-V Embedded GCC/bin/../lib/gcc/riscv-none-embed/8.2.0/../../../../riscv-none-embed/lib/rv32imac/ilp32/libg_nano.a(lib_a-mlock.o)
                0x0000000000001daa                __malloc_unlock
 .text._read_r  0x0000000000001dac       0x2c /usr/share/MRS2/MRS-linux-x64/resources/app/resources/linux/components/WCH/Toolchain/RISC-V Embedded GCC/bin/../lib/gcc/riscv-none-embed/8.2.0/../../../../riscv-none-embed/lib/rv32imac/ilp32/libg_nano.a(lib_a-readr.o)
                0x0000000000001dac                _read_r
 .text._close   0x0000000000001dd8        0xc /usr/share/MRS2/MRS-linux-x64/resources/app/resources/linux/components/WCH/Toolchain/RISC-V Embedded GCC/bin/../lib/gcc/riscv-none-embed/8.2.0/../../../../riscv-none-embed/lib/rv32imac/ilp32/libnosys.a(close.o)
                0x0000000000001dd8                _close
 .text._fstat   0x0000000000001de4        0xc /usr/share/MRS2/MRS-linux-x64/resources/app/resources/linux/components/WCH/Toolchain/RISC-V Embedded GCC/bin/../lib/gcc/riscv-none-embed/8.2.0/../../../../riscv-none-embed/lib/rv32imac/ilp32/libnosys.a(fstat.o)
                0x0000000000001de4                _fstat
 .text._isatty  0x0000000000001df0        0xc /usr/share/MRS2/MRS-linux-x64/resources/app/resources/linux/components/WCH/Toolchain/RISC-V Embedded GCC/bin/../lib/gcc/riscv-none-embed/8.2.0/../../../../riscv-none-embed/lib/rv32imac/ilp32/libnosys.a(isatty.o)
                0x0000000000001df0                _isatty
 .text._lseek   0x0000000000001dfc        0xc /usr/share/MRS2/MRS-linux-x64/resources/app/resources/linux/components/WCH/Toolchain/RISC-V Embedded GCC/bin/../lib/gcc/riscv-none-embed/8.2.0/../../../../riscv-none-embed/lib/rv32imac/ilp32/libnosys.a(lseek.o)
                0x0000000000001dfc                _lseek
 .text._read    0x0000000000001e08        0xc /usr/share/MRS2/MRS-linux-x64/resources/app/resources/linux/components/WCH/Toolchain/RISC-V Embedded GCC/bin/../lib/gcc/riscv-none-embed/8.2.0/../../../../riscv-none-embed/lib/rv32imac/ilp32/libnosys.a(read.o)
                0x0000000000001e08                _read
 *(.rodata)
 *(.rodata*)
 .rodata.wyre_loop.str1.4
                0x0000000000001e14        0xe ./User/inverter/app.o
 *fill*         0x0000000000001e22        0x2 
 .rodata.wyre_gpio_init.str1.4
                0x0000000000001e24        0xf ./User/inverter/hardware.o
 *fill*         0x0000000000001e33        0x1 
 .rodata.wyre_hardware_init.str1.4
                0x0000000000001e34       0x14 ./User/inverter/hardware.o
 .rodata.wyre_timer_init.str1.4
                0x0000000000001e48       0x30 ./User/inverter/hardware.o
                                         0x2d (size before relaxing)
 .rodata.__sf_fake_stderr
                0x0000000000001e78       0x20 /usr/share/MRS2/MRS-linux-x64/resources/app/resources/linux/components/WCH/Toolchain/RISC-V Embedded GCC/bin/../lib/gcc/riscv-none-embed/8.2.0/../../../../riscv-none-embed/lib/rv32imac/ilp32/libg_nano.a(lib_a-findfp.o)
                0x0000000000001e78                __sf_fake_stderr
 .rodata.__sf_fake_stdin
                0x0000000000001e98       0x20 /usr/share/MRS2/MRS-linux-x64/resources/app/resources/linux/components/WCH/Toolchain/RISC-V Embedded GCC/bin/../lib/gcc/riscv-none-embed/8.2.0/../../../../riscv-none-embed/lib/rv32imac/ilp32/libg_nano.a(lib_a-findfp.o)
                0x0000000000001e98                __sf_fake_stdin
 .rodata.__sf_fake_stdout
                0x0000000000001eb8       0x20 /usr/share/MRS2/MRS-linux-x64/resources/app/resources/linux/components/WCH/Toolchain/RISC-V Embedded GCC/bin/../lib/gcc/riscv-none-embed/8.2.0/../../../../riscv-none-embed/lib/rv32imac/ilp32/libg_nano.a(lib_a-findfp.o)
                0x0000000000001eb8                __sf_fake_stdout
 *(.gnu.linkonce.t.*)
                0x0000000000001ed8                . = ALIGN (0x4)

.rela.dyn       0x0000000000001ed8        0x0
 .rela.init     0x0000000000001ed8        0x0 ./User/inverter/app.o
 .rela.vector   0x0000000000001ed8        0x0 ./User/inverter/app.o
 .rela.text.handle_reset
                0x0000000000001ed8        0x0 ./User/inverter/app.o
 .rela.text._sbrk
                0x0000000000001ed8        0x0 ./User/inverter/app.o
 .rela.sdata.curbrk.4187
                0x0000000000001ed8        0x0 ./User/inverter/app.o
 .rela.text._sbrk_r
                0x0000000000001ed8        0x0 ./User/inverter/app.o
 .rela.text._write_r
                0x0000000000001ed8        0x0 ./User/inverter/app.o
 .rela.text._close_r
                0x0000000000001ed8        0x0 ./User/inverter/app.o
 .rela.text._fstat_r
                0x0000000000001ed8        0x0 ./User/inverter/app.o
 .rela.text._isatty_r
                0x0000000000001ed8        0x0 ./User/inverter/app.o
 .rela.text._lseek_r
                0x0000000000001ed8        0x0 ./User/inverter/app.o
 .rela.text._read_r
                0x0000000000001ed8        0x0 ./User/inverter/app.o
 .rela.text._close
                0x0000000000001ed8        0x0 ./User/inverter/app.o
 .rela.text._fstat
                0x0000000000001ed8        0x0 ./User/inverter/app.o
 .rela.text._isatty
                0x0000000000001ed8        0x0 ./User/inverter/app.o
 .rela.text._lseek
                0x0000000000001ed8        0x0 ./User/inverter/app.o
 .rela.text._read
                0x0000000000001ed8        0x0 ./User/inverter/app.o

.fini           0x0000000000001ed8        0x0
 *(SORT_NONE(.fini))
                0x0000000000001ed8                . = ALIGN (0x4)
                [!provide]                        PROVIDE (_etext = .)
                [!provide]                        PROVIDE (_eitcm = .)

.preinit_array  0x0000000000001ed8        0x0
                [!provide]                        PROVIDE (__preinit_array_start = .)
 *(.preinit_array)
                [!provide]                        PROVIDE (__preinit_array_end = .)

.init_array     0x0000000000001ed8        0x0
                [!provide]                        PROVIDE (__init_array_start = .)
 *(SORT_BY_INIT_PRIORITY(.init_array.*) SORT_BY_INIT_PRIORITY(.ctors.*))
 *(.init_array EXCLUDE_FILE(*crtend?.o *crtend.o *crtbegin?.o *crtbegin.o) .ctors)
                [!provide]                        PROVIDE (__init_array_end = .)

.fini_array     0x0000000000001ed8        0x0
                [!provide]                        PROVIDE (__fini_array_start = .)
 *(SORT_BY_INIT_PRIORITY(.fini_array.*) SORT_BY_INIT_PRIORITY(.dtors.*))
 *(.fini_array EXCLUDE_FILE(*crtend?.o *crtend.o *crtbegin?.o *crtbegin.o) .dtors)
                [!provide]                        PROVIDE (__fini_array_end = .)

.ctors
 *crtbegin.o(.ctors)
 *crtbegin?.o(.ctors)
 *(EXCLUDE_FILE(*crtend?.o *crtend.o) .ctors)
 *(SORT_BY_NAME(.ctors.*))
 *(.ctors)

.dtors
 *crtbegin.o(.dtors)
 *crtbegin?.o(.dtors)
 *(EXCLUDE_FILE(*crtend?.o *crtend.o) .dtors)
 *(SORT_BY_NAME(.dtors.*))
 *(.dtors)

.dalign         0x0000000020000000        0x0 load address 0x0000000000001ed8
                0x0000000020000000                . = ALIGN (0x4)
                0x0000000020000000                PROVIDE (_data_vma = .)

.dlalign        0x0000000000001ed8        0x0
                0x0000000000001ed8                . = ALIGN (0x4)
                0x0000000000001ed8                PROVIDE (_data_lma = .)

.data           0x0000000020000000       0x98 load address 0x0000000000001ed8
 *(.gnu.linkonce.r.*)
 *(.data .data.*)
 .data.AHBPrescTable
                0x0000000020000000       0x10 ./User/system_ch32v10x.o
                0x0000000020000000                AHBPrescTable
 .data.APBAHBPrescTable
                0x0000000020000010       0x10 ./Peripheral/src/ch32v10x_rcc.o
 .data.impure_data
                0x0000000020000020       0x60 /usr/share/MRS2/MRS-linux-x64/resources/app/resources/linux/components/WCH/Toolchain/RISC-V Embedded GCC/bin/../lib/gcc/riscv-none-embed/8.2.0/../../../../riscv-none-embed/lib/rv32imac/ilp32/libg_nano.a(lib_a-impure.o)
 *(.gnu.linkonce.d.*)
                0x0000000020000080                . = ALIGN (0x8)
                0x0000000020000880                PROVIDE (__global_pointer$ = (. + 0x800))
 *(.sdata .sdata.*)
 .sdata.SystemCoreClock
                0x0000000020000080        0x4 ./User/system_ch32v10x.o
                0x0000000020000080                SystemCoreClock
 .sdata.ADCPrescTable
                0x0000000020000084        0x4 ./Peripheral/src/ch32v10x_rcc.o
 .sdata.curbrk.4187
                0x0000000020000088        0x4 ./Debug/debug.o
 .sdata._impure_ptr
                0x000000002000008c        0x4 /usr/share/MRS2/MRS-linux-x64/resources/app/resources/linux/components/WCH/Toolchain/RISC-V Embedded GCC/bin/../lib/gcc/riscv-none-embed/8.2.0/../../../../riscv-none-embed/lib/rv32imac/ilp32/libg_nano.a(lib_a-impure.o)
                0x000000002000008c                _impure_ptr
 *(.sdata2.*)
 .sdata2._global_impure_ptr
                0x0000000020000090        0x4 /usr/share/MRS2/MRS-linux-x64/resources/app/resources/linux/components/WCH/Toolchain/RISC-V Embedded GCC/bin/../lib/gcc/riscv-none-embed/8.2.0/../../../../riscv-none-embed/lib/rv32imac/ilp32/libg_nano.a(lib_a-impure.o)
                0x0000000020000090                _global_impure_ptr
 *(.gnu.linkonce.s.*)
                0x0000000020000098                . = ALIGN (0x8)
 *fill*         0x0000000020000094        0x4 
 *(.srodata.cst16)
 *(.srodata.cst8)
 *(.srodata.cst4)
 *(.srodata.cst2)
 *(.srodata .srodata.*)
                0x0000000020000098                . = ALIGN (0x4)
                0x0000000020000098                PROVIDE (_edata = .)

.bss            0x0000000020000098      0x958 load address 0x0000000000001f70
                0x0000000020000098                . = ALIGN (0x4)
                0x0000000020000098                PROVIDE (_sbss = .)
 *(.sbss*)
 .sbss.last_measure_tick.4551
                0x0000000020000098        0x4 ./User/inverter/app.o
 .sbss.last_modulate_tick.4552
                0x000000002000009c        0x4 ./User/inverter/app.o
 .sbss.Calibrattion_Val
                0x00000000200000a0        0x2 ./User/inverter/hardware.o
                0x00000000200000a0                Calibrattion_Val
 .sbss.RxIndex  0x00000000200000a2        0x2 ./User/inverter/hardware.o
                0x00000000200000a2                RxIndex
 .sbss.SecFlag  0x00000000200000a4        0x4 ./User/inverter/hardware.o
                0x00000000200000a4                SecFlag
 .sbss.sys_ms   0x00000000200000a8        0x2 ./User/inverter/hardware.o
                0x00000000200000a8                sys_ms
 *fill*         0x00000000200000aa        0x2 
 .sbss.NVIC_Priority_Group
                0x00000000200000ac        0x4 ./Peripheral/src/ch32v10x_misc.o
                0x00000000200000ac                NVIC_Priority_Group
 .sbss.p_ms     0x00000000200000b0        0x2 ./Debug/debug.o
 .sbss.p_us     0x00000000200000b2        0x1 ./Debug/debug.o
 *fill*         0x00000000200000b3        0x1 
 .sbss.__malloc_free_list
                0x00000000200000b4        0x4 /usr/share/MRS2/MRS-linux-x64/resources/app/resources/linux/components/WCH/Toolchain/RISC-V Embedded GCC/bin/../lib/gcc/riscv-none-embed/8.2.0/../../../../riscv-none-embed/lib/rv32imac/ilp32/libg_nano.a(lib_a-nano-mallocr.o)
                0x00000000200000b4                __malloc_free_list
 .sbss.__malloc_sbrk_start
                0x00000000200000b8        0x4 /usr/share/MRS2/MRS-linux-x64/resources/app/resources/linux/components/WCH/Toolchain/RISC-V Embedded GCC/bin/../lib/gcc/riscv-none-embed/8.2.0/../../../../riscv-none-embed/lib/rv32imac/ilp32/libg_nano.a(lib_a-nano-mallocr.o)
                0x00000000200000b8                __malloc_sbrk_start
 *(.gnu.linkonce.sb.*)
 *(.bss*)
 .bss.tempBuffer
                0x00000000200000bc       0xfa ./User/inverter/app.o
                0x00000000200000bc                tempBuffer
 *fill*         0x00000000200001b6        0x2 
 .bss.ADC_Buffer
                0x00000000200001b8      0x800 ./User/inverter/hardware.o
                0x00000000200001b8                ADC_Buffer
 .bss.RxBuffer  0x00000000200009b8       0x32 ./User/inverter/hardware.o
                0x00000000200009b8                RxBuffer
 *(.gnu.linkonce.b.*)
 *(COMMON*)
 *fill*         0x00000000200009ea        0x2 
 COMMON         0x00000000200009ec        0x4 /usr/share/MRS2/MRS-linux-x64/resources/app/resources/linux/components/WCH/Toolchain/RISC-V Embedded GCC/bin/../lib/gcc/riscv-none-embed/8.2.0/../../../../riscv-none-embed/lib/rv32imac/ilp32/libg_nano.a(lib_a-reent.o)
                0x00000000200009ec                errno
                0x00000000200009f0                . = ALIGN (0x4)
                0x00000000200009f0                PROVIDE (_ebss = .)
                0x00000000200009f0                PROVIDE (_end = _ebss)
                [!provide]                        PROVIDE (end = .)

.stack          0x0000000020004800      0x800
                0x0000000020004800                PROVIDE (_heap_end = .)
                0x0000000020004800                . = ALIGN (0x4)
                [!provide]                        PROVIDE (_susrstack = .)
                0x0000000020005000                . = (. + __stack_size)
 *fill*         0x0000000020004800      0x800 
                0x0000000020005000                PROVIDE (_eusrstack = .)
OUTPUT(CH32V103R8T6.elf elf32-littleriscv)

.debug_info     0x0000000000000000     0x9cd2
 .debug_info    0x0000000000000000     0x10c2 ./User/inverter/app.o
 .debug_info    0x00000000000010c2     0x2299 ./User/inverter/hardware.o
 .debug_info    0x000000000000335b       0x4a ./User/ch32v10x_it.o
 .debug_info    0x00000000000033a5       0xb1 ./User/main.o
 .debug_info    0x0000000000003456      0x356 ./User/system_ch32v10x.o
 .debug_info    0x00000000000037ac       0x22 ./Startup/startup_ch32v10x.o
 .debug_info    0x00000000000037ce      0xde5 ./Peripheral/src/ch32v10x_adc.o
 .debug_info    0x00000000000045b3      0x463 ./Peripheral/src/ch32v10x_dma.o
 .debug_info    0x0000000000004a16      0x886 ./Peripheral/src/ch32v10x_gpio.o
 .debug_info    0x000000000000529c      0x5ac ./Peripheral/src/ch32v10x_misc.o
 .debug_info    0x0000000000005848      0x93d ./Peripheral/src/ch32v10x_rcc.o
 .debug_info    0x0000000000006185     0x20da ./Peripheral/src/ch32v10x_tim.o
 .debug_info    0x000000000000825f      0xab4 ./Peripheral/src/ch32v10x_usart.o
 .debug_info    0x0000000000008d13      0xfbf ./Debug/debug.o

.debug_abbrev   0x0000000000000000     0x1ca0
 .debug_abbrev  0x0000000000000000      0x2e6 ./User/inverter/app.o
 .debug_abbrev  0x00000000000002e6      0x492 ./User/inverter/hardware.o
 .debug_abbrev  0x0000000000000778       0x2e ./User/ch32v10x_it.o
 .debug_abbrev  0x00000000000007a6       0x66 ./User/main.o
 .debug_abbrev  0x000000000000080c      0x19f ./User/system_ch32v10x.o
 .debug_abbrev  0x00000000000009ab       0x12 ./Startup/startup_ch32v10x.o
 .debug_abbrev  0x00000000000009bd      0x270 ./Peripheral/src/ch32v10x_adc.o
 .debug_abbrev  0x0000000000000c2d      0x20a ./Peripheral/src/ch32v10x_dma.o
 .debug_abbrev  0x0000000000000e37      0x239 ./Peripheral/src/ch32v10x_gpio.o
 .debug_abbrev  0x0000000000001070      0x1fd ./Peripheral/src/ch32v10x_misc.o
 .debug_abbrev  0x000000000000126d      0x259 ./Peripheral/src/ch32v10x_rcc.o
 .debug_abbrev  0x00000000000014c6      0x2f7 ./Peripheral/src/ch32v10x_tim.o
 .debug_abbrev  0x00000000000017bd      0x201 ./Peripheral/src/ch32v10x_usart.o
 .debug_abbrev  0x00000000000019be      0x2e2 ./Debug/debug.o

.debug_loc      0x0000000000000000     0x3d24
 .debug_loc     0x0000000000000000       0x13 ./User/inverter/app.o
 .debug_loc     0x0000000000000013      0x125 ./User/inverter/hardware.o
 .debug_loc     0x0000000000000138       0xb8 ./User/system_ch32v10x.o
 .debug_loc     0x00000000000001f0      0xa59 ./Peripheral/src/ch32v10x_adc.o
 .debug_loc     0x0000000000000c49      0x183 ./Peripheral/src/ch32v10x_dma.o
 .debug_loc     0x0000000000000dcc      0x643 ./Peripheral/src/ch32v10x_gpio.o
 .debug_loc     0x000000000000140f       0x5b ./Peripheral/src/ch32v10x_misc.o
 .debug_loc     0x000000000000146a      0x761 ./Peripheral/src/ch32v10x_rcc.o
 .debug_loc     0x0000000000001bcb     0x18c9 ./Peripheral/src/ch32v10x_tim.o
 .debug_loc     0x0000000000003494      0x72e ./Peripheral/src/ch32v10x_usart.o
 .debug_loc     0x0000000000003bc2      0x162 ./Debug/debug.o

.debug_aranges  0x0000000000000000      0x8f8
 .debug_aranges
                0x0000000000000000       0x28 ./User/inverter/app.o
 .debug_aranges
                0x0000000000000028       0x88 ./User/inverter/hardware.o
 .debug_aranges
                0x00000000000000b0       0x28 ./User/ch32v10x_it.o
 .debug_aranges
                0x00000000000000d8       0x20 ./User/main.o
 .debug_aranges
                0x00000000000000f8       0x28 ./User/system_ch32v10x.o
 .debug_aranges
                0x0000000000000120       0x38 ./Startup/startup_ch32v10x.o
 .debug_aranges
                0x0000000000000158      0x148 ./Peripheral/src/ch32v10x_adc.o
 .debug_aranges
                0x00000000000002a0       0x60 ./Peripheral/src/ch32v10x_dma.o
 .debug_aranges
                0x0000000000000300       0xa8 ./Peripheral/src/ch32v10x_gpio.o
 .debug_aranges
                0x00000000000003a8       0x28 ./Peripheral/src/ch32v10x_misc.o
 .debug_aranges
                0x00000000000003d0      0x118 ./Peripheral/src/ch32v10x_rcc.o
 .debug_aranges
                0x00000000000004e8      0x2d0 ./Peripheral/src/ch32v10x_tim.o
 .debug_aranges
                0x00000000000007b8       0xf0 ./Peripheral/src/ch32v10x_usart.o
 .debug_aranges
                0x00000000000008a8       0x50 ./Debug/debug.o

.debug_ranges   0x0000000000000000      0x8a8
 .debug_ranges  0x0000000000000000       0x18 ./User/inverter/app.o
 .debug_ranges  0x0000000000000018       0x98 ./User/inverter/hardware.o
 .debug_ranges  0x00000000000000b0       0x18 ./User/ch32v10x_it.o
 .debug_ranges  0x00000000000000c8       0x10 ./User/main.o
 .debug_ranges  0x00000000000000d8       0x38 ./User/system_ch32v10x.o
 .debug_ranges  0x0000000000000110       0x30 ./Startup/startup_ch32v10x.o
 .debug_ranges  0x0000000000000140      0x138 ./Peripheral/src/ch32v10x_adc.o
 .debug_ranges  0x0000000000000278       0x50 ./Peripheral/src/ch32v10x_dma.o
 .debug_ranges  0x00000000000002c8       0x98 ./Peripheral/src/ch32v10x_gpio.o
 .debug_ranges  0x0000000000000360       0x30 ./Peripheral/src/ch32v10x_misc.o
 .debug_ranges  0x0000000000000390      0x108 ./Peripheral/src/ch32v10x_rcc.o
 .debug_ranges  0x0000000000000498      0x2f0 ./Peripheral/src/ch32v10x_tim.o
 .debug_ranges  0x0000000000000788       0xe0 ./Peripheral/src/ch32v10x_usart.o
 .debug_ranges  0x0000000000000868       0x40 ./Debug/debug.o

.debug_line     0x0000000000000000     0xa70f
 .debug_line    0x0000000000000000      0x42e ./User/inverter/app.o
 .debug_line    0x000000000000042e     0x10cc ./User/inverter/hardware.o
 .debug_line    0x00000000000014fa       0x86 ./User/ch32v10x_it.o
 .debug_line    0x0000000000001580       0xc2 ./User/main.o
 .debug_line    0x0000000000001642      0x672 ./User/system_ch32v10x.o
 .debug_line    0x0000000000001cb4      0x21e ./Startup/startup_ch32v10x.o
 .debug_line    0x0000000000001ed2     0x178f ./Peripheral/src/ch32v10x_adc.o
 .debug_line    0x0000000000003661      0x856 ./Peripheral/src/ch32v10x_dma.o
 .debug_line    0x0000000000003eb7      0xd4f ./Peripheral/src/ch32v10x_gpio.o
 .debug_line    0x0000000000004c06      0x40b ./Peripheral/src/ch32v10x_misc.o
 .debug_line    0x0000000000005011     0x1051 ./Peripheral/src/ch32v10x_rcc.o
 .debug_line    0x0000000000006062     0x30c9 ./Peripheral/src/ch32v10x_tim.o
 .debug_line    0x000000000000912b      0xe43 ./Peripheral/src/ch32v10x_usart.o
 .debug_line    0x0000000000009f6e      0x7a1 ./Debug/debug.o

.debug_str      0x0000000000000000     0x3571
 .debug_str     0x0000000000000000      0xe2f ./User/inverter/app.o
                                        0xed0 (size before relaxing)
 .debug_str     0x0000000000000e2f      0xe33 ./User/inverter/hardware.o
                                       0x14b1 (size before relaxing)
 .debug_str     0x0000000000001c62       0x34 ./User/ch32v10x_it.o
                                        0x13d (size before relaxing)
 .debug_str     0x0000000000001c96       0x14 ./User/main.o
                                        0x1b6 (size before relaxing)
 .debug_str     0x0000000000001caa      0x10c ./User/system_ch32v10x.o
                                        0x322 (size before relaxing)
 .debug_str     0x0000000000001db6       0x2a ./Startup/startup_ch32v10x.o
                                         0x71 (size before relaxing)
 .debug_str     0x0000000000001de0      0x3ff ./Peripheral/src/ch32v10x_adc.o
                                        0x81f (size before relaxing)
 .debug_str     0x00000000000021df      0x105 ./Peripheral/src/ch32v10x_dma.o
                                        0x422 (size before relaxing)
 .debug_str     0x00000000000022e4      0x210 ./Peripheral/src/ch32v10x_gpio.o
                                        0x5a9 (size before relaxing)
 .debug_str     0x00000000000024f4       0x79 ./Peripheral/src/ch32v10x_misc.o
                                        0x618 (size before relaxing)
 .debug_str     0x000000000000256d      0x36d ./Peripheral/src/ch32v10x_rcc.o
                                        0x6ac (size before relaxing)
 .debug_str     0x00000000000028da      0x945 ./Peripheral/src/ch32v10x_tim.o
                                        0xeaa (size before relaxing)
 .debug_str     0x000000000000321f      0x2d2 ./Peripheral/src/ch32v10x_usart.o
                                        0x719 (size before relaxing)
 .debug_str     0x00000000000034f1       0x80 ./Debug/debug.o
                                        0x97e (size before relaxing)

.comment        0x0000000000000000       0x33
 .comment       0x0000000000000000       0x33 ./User/inverter/app.o
                                         0x34 (size before relaxing)
 .comment       0x0000000000000033       0x34 ./User/inverter/hardware.o
 .comment       0x0000000000000033       0x34 ./User/ch32v10x_it.o
 .comment       0x0000000000000033       0x34 ./User/main.o
 .comment       0x0000000000000033       0x34 ./User/system_ch32v10x.o
 .comment       0x0000000000000033       0x34 ./Peripheral/src/ch32v10x_adc.o
 .comment       0x0000000000000033       0x34 ./Peripheral/src/ch32v10x_dma.o
 .comment       0x0000000000000033       0x34 ./Peripheral/src/ch32v10x_gpio.o
 .comment       0x0000000000000033       0x34 ./Peripheral/src/ch32v10x_misc.o
 .comment       0x0000000000000033       0x34 ./Peripheral/src/ch32v10x_rcc.o
 .comment       0x0000000000000033       0x34 ./Peripheral/src/ch32v10x_tim.o
 .comment       0x0000000000000033       0x34 ./Peripheral/src/ch32v10x_usart.o
 .comment       0x0000000000000033       0x34 ./Debug/debug.o

.debug_frame    0x0000000000000000     0x19b0
 .debug_frame   0x0000000000000000       0x48 ./User/inverter/app.o
 .debug_frame   0x0000000000000048      0x1b4 ./User/inverter/hardware.o
 .debug_frame   0x00000000000001fc       0x30 ./User/ch32v10x_it.o
 .debug_frame   0x000000000000022c       0x28 ./User/main.o
 .debug_frame   0x0000000000000254       0x3c ./User/system_ch32v10x.o
 .debug_frame   0x0000000000000290      0x2a4 ./Peripheral/src/ch32v10x_adc.o
 .debug_frame   0x0000000000000534       0xd8 ./Peripheral/src/ch32v10x_dma.o
 .debug_frame   0x000000000000060c      0x15c ./Peripheral/src/ch32v10x_gpio.o
 .debug_frame   0x0000000000000768       0x30 ./Peripheral/src/ch32v10x_misc.o
 .debug_frame   0x0000000000000798      0x224 ./Peripheral/src/ch32v10x_rcc.o
 .debug_frame   0x00000000000009bc      0x614 ./Peripheral/src/ch32v10x_tim.o
 .debug_frame   0x0000000000000fd0      0x1e4 ./Peripheral/src/ch32v10x_usart.o
 .debug_frame   0x00000000000011b4       0xb8 ./Debug/debug.o
 .debug_frame   0x000000000000126c       0x54 /usr/share/MRS2/MRS-linux-x64/resources/app/resources/linux/components/WCH/Toolchain/RISC-V Embedded GCC/bin/../lib/gcc/riscv-none-embed/8.2.0/../../../../riscv-none-embed/lib/rv32imac/ilp32/libg_nano.a(lib_a-puts.o)
 .debug_frame   0x00000000000012c0       0x50 /usr/share/MRS2/MRS-linux-x64/resources/app/resources/linux/components/WCH/Toolchain/RISC-V Embedded GCC/bin/../lib/gcc/riscv-none-embed/8.2.0/../../../../riscv-none-embed/lib/rv32imac/ilp32/libg_nano.a(lib_a-wbuf.o)
 .debug_frame   0x0000000000001310       0x3c /usr/share/MRS2/MRS-linux-x64/resources/app/resources/linux/components/WCH/Toolchain/RISC-V Embedded GCC/bin/../lib/gcc/riscv-none-embed/8.2.0/../../../../riscv-none-embed/lib/rv32imac/ilp32/libg_nano.a(lib_a-wsetup.o)
 .debug_frame   0x000000000000134c       0x7c /usr/share/MRS2/MRS-linux-x64/resources/app/resources/linux/components/WCH/Toolchain/RISC-V Embedded GCC/bin/../lib/gcc/riscv-none-embed/8.2.0/../../../../riscv-none-embed/lib/rv32imac/ilp32/libg_nano.a(lib_a-fflush.o)
 .debug_frame   0x00000000000013c8      0x148 /usr/share/MRS2/MRS-linux-x64/resources/app/resources/linux/components/WCH/Toolchain/RISC-V Embedded GCC/bin/../lib/gcc/riscv-none-embed/8.2.0/../../../../riscv-none-embed/lib/rv32imac/ilp32/libg_nano.a(lib_a-findfp.o)
 .debug_frame   0x0000000000001510       0x88 /usr/share/MRS2/MRS-linux-x64/resources/app/resources/linux/components/WCH/Toolchain/RISC-V Embedded GCC/bin/../lib/gcc/riscv-none-embed/8.2.0/../../../../riscv-none-embed/lib/rv32imac/ilp32/libg_nano.a(lib_a-fwalk.o)
 .debug_frame   0x0000000000001598       0x64 /usr/share/MRS2/MRS-linux-x64/resources/app/resources/linux/components/WCH/Toolchain/RISC-V Embedded GCC/bin/../lib/gcc/riscv-none-embed/8.2.0/../../../../riscv-none-embed/lib/rv32imac/ilp32/libg_nano.a(lib_a-makebuf.o)
 .debug_frame   0x00000000000015fc       0x40 /usr/share/MRS2/MRS-linux-x64/resources/app/resources/linux/components/WCH/Toolchain/RISC-V Embedded GCC/bin/../lib/gcc/riscv-none-embed/8.2.0/../../../../riscv-none-embed/lib/rv32imac/ilp32/libg_nano.a(lib_a-nano-freer.o)
 .debug_frame   0x000000000000163c       0x40 /usr/share/MRS2/MRS-linux-x64/resources/app/resources/linux/components/WCH/Toolchain/RISC-V Embedded GCC/bin/../lib/gcc/riscv-none-embed/8.2.0/../../../../riscv-none-embed/lib/rv32imac/ilp32/libg_nano.a(lib_a-nano-mallocr.o)
 .debug_frame   0x000000000000167c       0x30 /usr/share/MRS2/MRS-linux-x64/resources/app/resources/linux/components/WCH/Toolchain/RISC-V Embedded GCC/bin/../lib/gcc/riscv-none-embed/8.2.0/../../../../riscv-none-embed/lib/rv32imac/ilp32/libg_nano.a(lib_a-sbrkr.o)
 .debug_frame   0x00000000000016ac       0xa4 /usr/share/MRS2/MRS-linux-x64/resources/app/resources/linux/components/WCH/Toolchain/RISC-V Embedded GCC/bin/../lib/gcc/riscv-none-embed/8.2.0/../../../../riscv-none-embed/lib/rv32imac/ilp32/libg_nano.a(lib_a-stdio.o)
 .debug_frame   0x0000000000001750       0x30 /usr/share/MRS2/MRS-linux-x64/resources/app/resources/linux/components/WCH/Toolchain/RISC-V Embedded GCC/bin/../lib/gcc/riscv-none-embed/8.2.0/../../../../riscv-none-embed/lib/rv32imac/ilp32/libg_nano.a(lib_a-writer.o)
 .debug_frame   0x0000000000001780       0x30 /usr/share/MRS2/MRS-linux-x64/resources/app/resources/linux/components/WCH/Toolchain/RISC-V Embedded GCC/bin/../lib/gcc/riscv-none-embed/8.2.0/../../../../riscv-none-embed/lib/rv32imac/ilp32/libg_nano.a(lib_a-closer.o)
 .debug_frame   0x00000000000017b0       0x30 /usr/share/MRS2/MRS-linux-x64/resources/app/resources/linux/components/WCH/Toolchain/RISC-V Embedded GCC/bin/../lib/gcc/riscv-none-embed/8.2.0/../../../../riscv-none-embed/lib/rv32imac/ilp32/libg_nano.a(lib_a-fstatr.o)
 .debug_frame   0x00000000000017e0       0x30 /usr/share/MRS2/MRS-linux-x64/resources/app/resources/linux/components/WCH/Toolchain/RISC-V Embedded GCC/bin/../lib/gcc/riscv-none-embed/8.2.0/../../../../riscv-none-embed/lib/rv32imac/ilp32/libg_nano.a(lib_a-isattyr.o)
 .debug_frame   0x0000000000001810       0x30 /usr/share/MRS2/MRS-linux-x64/resources/app/resources/linux/components/WCH/Toolchain/RISC-V Embedded GCC/bin/../lib/gcc/riscv-none-embed/8.2.0/../../../../riscv-none-embed/lib/rv32imac/ilp32/libg_nano.a(lib_a-lseekr.o)
 .debug_frame   0x0000000000001840       0x30 /usr/share/MRS2/MRS-linux-x64/resources/app/resources/linux/components/WCH/Toolchain/RISC-V Embedded GCC/bin/../lib/gcc/riscv-none-embed/8.2.0/../../../../riscv-none-embed/lib/rv32imac/ilp32/libg_nano.a(lib_a-mlock.o)
 .debug_frame   0x0000000000001870       0x30 /usr/share/MRS2/MRS-linux-x64/resources/app/resources/linux/components/WCH/Toolchain/RISC-V Embedded GCC/bin/../lib/gcc/riscv-none-embed/8.2.0/../../../../riscv-none-embed/lib/rv32imac/ilp32/libg_nano.a(lib_a-readr.o)
 .debug_frame   0x00000000000018a0       0x70 /usr/share/MRS2/MRS-linux-x64/resources/app/resources/linux/components/WCH/Toolchain/RISC-V Embedded GCC/bin/../lib/gcc/riscv-none-embed/8.2.0/../../../../riscv-none-embed/lib/rv32imac/ilp32/libg_nano.a(lib_a-reent.o)
 .debug_frame   0x0000000000001910       0x20 /usr/share/MRS2/MRS-linux-x64/resources/app/resources/linux/components/WCH/Toolchain/RISC-V Embedded GCC/bin/../lib/gcc/riscv-none-embed/8.2.0/../../../../riscv-none-embed/lib/rv32imac/ilp32/libnosys.a(close.o)
 .debug_frame   0x0000000000001930       0x20 /usr/share/MRS2/MRS-linux-x64/resources/app/resources/linux/components/WCH/Toolchain/RISC-V Embedded GCC/bin/../lib/gcc/riscv-none-embed/8.2.0/../../../../riscv-none-embed/lib/rv32imac/ilp32/libnosys.a(fstat.o)
 .debug_frame   0x0000000000001950       0x20 /usr/share/MRS2/MRS-linux-x64/resources/app/resources/linux/components/WCH/Toolchain/RISC-V Embedded GCC/bin/../lib/gcc/riscv-none-embed/8.2.0/../../../../riscv-none-embed/lib/rv32imac/ilp32/libnosys.a(isatty.o)
 .debug_frame   0x0000000000001970       0x20 /usr/share/MRS2/MRS-linux-x64/resources/app/resources/linux/components/WCH/Toolchain/RISC-V Embedded GCC/bin/../lib/gcc/riscv-none-embed/8.2.0/../../../../riscv-none-embed/lib/rv32imac/ilp32/libnosys.a(lseek.o)
 .debug_frame   0x0000000000001990       0x20 /usr/share/MRS2/MRS-linux-x64/resources/app/resources/linux/components/WCH/Toolchain/RISC-V Embedded GCC/bin/../lib/gcc/riscv-none-embed/8.2.0/../../../../riscv-none-embed/lib/rv32imac/ilp32/libnosys.a(read.o)

.stab           0x0000000000000000       0x84
 .stab          0x0000000000000000       0x24 /usr/share/MRS2/MRS-linux-x64/resources/app/resources/linux/components/WCH/Toolchain/RISC-V Embedded GCC/bin/../lib/gcc/riscv-none-embed/8.2.0/../../../../riscv-none-embed/lib/rv32imac/ilp32/libnosys.a(close.o)
 .stab          0x0000000000000024       0x18 /usr/share/MRS2/MRS-linux-x64/resources/app/resources/linux/components/WCH/Toolchain/RISC-V Embedded GCC/bin/../lib/gcc/riscv-none-embed/8.2.0/../../../../riscv-none-embed/lib/rv32imac/ilp32/libnosys.a(fstat.o)
                                         0x24 (size before relaxing)
 .stab          0x000000000000003c       0x18 /usr/share/MRS2/MRS-linux-x64/resources/app/resources/linux/components/WCH/Toolchain/RISC-V Embedded GCC/bin/../lib/gcc/riscv-none-embed/8.2.0/../../../../riscv-none-embed/lib/rv32imac/ilp32/libnosys.a(isatty.o)
                                         0x24 (size before relaxing)
 .stab          0x0000000000000054       0x18 /usr/share/MRS2/MRS-linux-x64/resources/app/resources/linux/components/WCH/Toolchain/RISC-V Embedded GCC/bin/../lib/gcc/riscv-none-embed/8.2.0/../../../../riscv-none-embed/lib/rv32imac/ilp32/libnosys.a(lseek.o)
                                         0x24 (size before relaxing)
 .stab          0x000000000000006c       0x18 /usr/share/MRS2/MRS-linux-x64/resources/app/resources/linux/components/WCH/Toolchain/RISC-V Embedded GCC/bin/../lib/gcc/riscv-none-embed/8.2.0/../../../../riscv-none-embed/lib/rv32imac/ilp32/libnosys.a(read.o)
                                         0x24 (size before relaxing)

.stabstr        0x0000000000000000      0x117
 .stabstr       0x0000000000000000      0x117 /usr/share/MRS2/MRS-linux-x64/resources/app/resources/linux/components/WCH/Toolchain/RISC-V Embedded GCC/bin/../lib/gcc/riscv-none-embed/8.2.0/../../../../riscv-none-embed/lib/rv32imac/ilp32/libnosys.a(close.o)
